[2m2025-12-05T02:51:55Z[0m app[78171d2f90e618] [32mord[0m [[34minfo[0m]✅ FlyDataClient activated (Cloudflare KV for player data)
[2m2025-12-05T02:51:55Z[0m app[78171d2f90e618] [32mord[0m [[34minfo[0m][StateSync] Initialized with interval: 30000ms
[2m2025-12-05T02:51:55Z[0m app[78171d2f90e618] [32mord[0m [[34minfo[0m]✅ State sync to Cloudflare KV enabled
[2m2025-12-05T02:51:55Z[0m app[78171d2f90e618] [32mord[0m [[34minfo[0m][StateSync] Started - syncing every 30 seconds
[2m2025-12-05T02:51:55Z[0m app[78171d2f90e618] [32mord[0m [[34minfo[0m]========================================
[2m2025-12-05T02:51:55Z[0m app[78171d2f90e618] [32mord[0m [[34minfo[0m]✅ RSC Server ready! Players can connect.
[2m2025-12-05T02:51:55Z[0m app[78171d2f90e618] [32mord[0m [[34minfo[0m]========================================
[2m2025-12-05T02:51:55Z[0m app[78171d2f90e618] [32mord[0m [[34minfo[0m]✅ Health check endpoint ready at /health
[2m2025-12-05T02:51:55Z[0m proxy[78171d2f90e618] [32mord[0m [[34minfo[0m]machine became reachable in 1.28928324s
[2m2025-12-05T03:02:22Z[0m runner[78171d2f90e618] [32mord[0m [[34minfo[0m]Pulling container image registry.fly.io/rscaievolution-png@sha256:de4c9d643a449f972343d803277643ca39b4aaeca369cdad29be2264b79bd571
[2m2025-12-05T03:02:22Z[0m runner[78171d2f90e618] [32mord[0m [[34minfo[0m]Successfully prepared image registry.fly.io/rscaievolution-png@sha256:de4c9d643a449f972343d803277643ca39b4aaeca369cdad29be2264b79bd571 (707.228681ms)
[2m2025-12-05T03:02:23Z[0m runner[78171d2f90e618] [32mord[0m [[34minfo[0m]Configuring firecracker
[2m2025-12-05T03:02:23Z[0m app[78171d2f90e618] [32mord[0m [[34minfo[0m][32m INFO[0m Sending signal SIGINT to main child process w/ PID 641
[2m2025-12-05T03:02:23Z[0m app[78171d2f90e618] [32mord[0m [[34minfo[0m]📦 SIGINT received, shutting down gracefully...
[2m2025-12-05T03:02:23Z[0m app[78171d2f90e618] [32mord[0m [[34minfo[0m][StateSync] Stopped
[2m2025-12-05T03:02:23Z[0m app[78171d2f90e618] [32mord[0m [[34minfo[0m][32m INFO[0m Main child exited normally with code: 0
[2m2025-12-05T03:02:23Z[0m app[78171d2f90e618] [32mord[0m [[34minfo[0m][32m INFO[0m Starting clean up.
[2m2025-12-05T03:02:23Z[0m app[78171d2f90e618] [32mord[0m [[34minfo[0m][  630.555587] reboot: Restarting system
[2m2025-12-05T03:02:24Z[0m app[78171d2f90e618] [32mord[0m [[34minfo[0m]2025-12-05T03:02:24.623000730 [01KBP7BTK3R5NZVHCNDX1KYYMQ:main] Running Firecracker v1.12.1
[2m2025-12-05T03:02:24Z[0m app[78171d2f90e618] [32mord[0m [[34minfo[0m]2025-12-05T03:02:24.623136960 [01KBP7BTK3R5NZVHCNDX1KYYMQ:main] Listening on API socket ("/fc.sock").
[2m2025-12-05T03:02:25Z[0m app[78171d2f90e618] [32mord[0m [[34minfo[0m][32m INFO[0m Starting init (commit: 6f59af0a)...
[2m2025-12-05T03:02:25Z[0m app[78171d2f90e618] [32mord[0m [[34minfo[0m][32m INFO[0m Preparing to run: `docker-entrypoint.sh node src/fly-server.js` as root
[2m2025-12-05T03:02:25Z[0m app[78171d2f90e618] [32mord[0m [[34minfo[0m][32m INFO[0m [fly api proxy] listening at /.fly/api
[2m2025-12-05T03:02:25Z[0m runner[78171d2f90e618] [32mord[0m [[34minfo[0m]Machine created and started in 3.33s
[2m2025-12-05T03:02:25Z[0m app[78171d2f90e618] [32mord[0m [[34minfo[0m]Loading ./server...
[2m2025-12-05T03:02:25Z[0m app[78171d2f90e618] [32mord[0m [[34minfo[0m]Loading ./browser-socket...
[2m2025-12-05T03:02:25Z[0m app[78171d2f90e618] [32mord[0m [[34minfo[0m]Loading data-client...
[2m2025-12-05T03:02:25Z[0m app[78171d2f90e618] [32mord[0m [[34minfo[0m]2025/12/05 03:02:25 INFO SSH listening listen_address=[fdaa:37:c0d0:a7b:56a:a92d:bb6d:2]:22
[2m2025-12-05T03:02:25Z[0m app[78171d2f90e618] [32mord[0m [[34minfo[0m]Loading @2003scape/rsc-socket...
[2m2025-12-05T03:02:25Z[0m app[78171d2f90e618] [32mord[0m [[34minfo[0m]Loading ./model/world...
[2m2025-12-05T03:02:26Z[0m app[78171d2f90e618] [32mord[0m [[34minfo[0m]Loading bole...
[2m2025-12-05T03:02:26Z[0m app[78171d2f90e618] [32mord[0m [[34minfo[0m]Loading net...
[2m2025-12-05T03:02:26Z[0m app[78171d2f90e618] [32mord[0m [[34minfo[0m]Loading ./packet-handlers...
[2m2025-12-05T03:02:26Z[0m app[78171d2f90e618] [32mord[0m [[34minfo[0m]Loading typedarray-to-buffer...
[2m2025-12-05T03:02:26Z[0m app[78171d2f90e618] [32mord[0m [[34minfo[0m]Loading ws...
[2m2025-12-05T03:02:26Z[0m app[78171d2f90e618] [32mord[0m [[34minfo[0m]Loading ./state-sync-client...
[2m2025-12-05T03:02:26Z[0m app[78171d2f90e618] [32mord[0m [[34minfo[0m]Loading ./fly-data-client...
[2m2025-12-05T03:02:26Z[0m app[78171d2f90e618] [32mord[0m [[34minfo[0m]Loading http...
[2m2025-12-05T03:02:26Z[0m app[78171d2f90e618] [32mord[0m [[34minfo[0m]Loading ../config.json...
[2m2025-12-05T03:02:26Z[0m app[78171d2f90e618] [32mord[0m [[34minfo[0m]========================================
[2m2025-12-05T03:02:26Z[0m app[78171d2f90e618] [32mord[0m [[34minfo[0m]🚀 Starting RSC Server on Fly.io
[2m2025-12-05T03:02:26Z[0m app[78171d2f90e618] [32mord[0m [[34minfo[0m]========================================
[2m2025-12-05T03:02:26Z[0m app[78171d2f90e618] [32mord[0m [[34minfo[0m]World ID: 1
[2m2025-12-05T03:02:26Z[0m app[78171d2f90e618] [32mord[0m [[34minfo[0m]Members: No (F2P only)
[2m2025-12-05T03:02:26Z[0m app[78171d2f90e618] [32mord[0m [[34minfo[0m]WebSocket Port: 43594
[2m2025-12-05T03:02:26Z[0m app[78171d2f90e618] [32mord[0m [[34minfo[0m]State Sync: 30s
[2m2025-12-05T03:02:26Z[0m app[78171d2f90e618] [32mord[0m [[34minfo[0m]========================================
[2m2025-12-05T03:02:26Z[0m app[78171d2f90e618] [32mord[0m [[34minfo[0m]FlyDataClient: Cloudflare KV mode {
[2m2025-12-05T03:02:26Z[0m app[78171d2f90e618] [32mord[0m [[34minfo[0m]  accountId: '6872653edcee9c791787c1b783173793',
[2m2025-12-05T03:02:26Z[0m app[78171d2f90e618] [32mord[0m [[34minfo[0m]  namespaceId: 'f2881801ac59415a86236d0841f27103',
[2m2025-12-05T03:02:26Z[0m app[78171d2f90e618] [32mord[0m [[34minfo[0m]  hasToken: true
[2m2025-12-05T03:02:26Z[0m app[78171d2f90e618] [32mord[0m [[34minfo[0m]}
[2m2025-12-05T03:02:26Z[0m app[78171d2f90e618] [32mord[0m [[34minfo[0m]✅ FlyDataClient activated (Cloudflare KV for player data)
[2m2025-12-05T03:02:26Z[0m app[78171d2f90e618] [32mord[0m [[34minfo[0m][StateSync] Initialized with interval: 30000ms
[2m2025-12-05T03:02:26Z[0m app[78171d2f90e618] [32mord[0m [[34minfo[0m]✅ State sync to Cloudflare KV enabled
[2m2025-12-05T03:02:26Z[0m app[78171d2f90e618] [32mord[0m [[34minfo[0m][StateSync] Started - syncing every 30 seconds
[2m2025-12-05T03:02:26Z[0m app[78171d2f90e618] [32mord[0m [[34minfo[0m]========================================
[2m2025-12-05T03:02:26Z[0m app[78171d2f90e618] [32mord[0m [[34minfo[0m]✅ RSC Server ready! Players can connect.
[2m2025-12-05T03:02:26Z[0m app[78171d2f90e618] [32mord[0m [[34minfo[0m]========================================
[2m2025-12-05T03:02:26Z[0m app[78171d2f90e618] [32mord[0m [[34minfo[0m]✅ Health check endpoint ready at /health
[2m2025-12-05T03:08:07Z[0m app[78171d2f90e618] [32mord[0m [[34minfo[0m][KV GET] Fetching key: player:testuser
[2m2025-12-05T03:08:07Z[0m app[78171d2f90e618] [32mord[0m [[34minfo[0m][LOGIN DEBUG] Attempting login for user: 'testuser' (len=8) with password: 'TESTUSER' (len=8)
[2m2025-12-05T03:08:07Z[0m app[78171d2f90e618] [32mord[0m [[34minfo[0m][LOGIN DEBUG] Version: 204, Config Version: 204
[2m2025-12-05T03:08:07Z[0m app[78171d2f90e618] [32mord[0m [[34minfo[0m][KV GET] Status: 400 for key: player:testuser
[2m2025-12-05T03:08:07Z[0m app[78171d2f90e618] [32mord[0m [[34minfo[0m][KV GET] Error: 400 {"success":false,"errors":[{"code":10001,"message":"Unable to authenticate request"}]}
[2m2025-12-05T03:08:07Z[0m app[78171d2f90e618] [32mord[0m [[34minfo[0m]Login error: Error: KV GET failed: 400
[2m2025-12-05T03:08:07Z[0m app[78171d2f90e618] [32mord[0m [[34minfo[0m]    at IncomingMessage.<anonymous> (/usr/src/app/src/fly-data-client.js:122:32)
[2m2025-12-05T03:08:07Z[0m app[78171d2f90e618] [32mord[0m [[34minfo[0m]    at IncomingMessage.emit (node:events:529:35)
[2m2025-12-05T03:08:07Z[0m app[78171d2f90e618] [32mord[0m [[34minfo[0m]    at endReadableNT (node:internal/streams/readable:1400:12)
[2m2025-12-05T03:08:07Z[0m app[78171d2f90e618] [32mord[0m [[34minfo[0m]    at process.processTicksAndRejections (node:internal/process/task_queues:82:21)
[2m2025-12-05T03:08:15Z[0m app[78171d2f90e618] [32mord[0m [[34minfo[0m][LOGIN DEBUG] Attempting login for user: 'testuser' (len=8) with password: 'TESTUSER' (len=8)
[2m2025-12-05T03:08:15Z[0m app[78171d2f90e618] [32mord[0m [[34minfo[0m][LOGIN DEBUG] Version: 204, Config Version: 204
[2m2025-12-05T03:08:15Z[0m app[78171d2f90e618] [32mord[0m [[34minfo[0m][KV GET] Fetching key: player:testuser
[2m2025-12-05T03:08:15Z[0m app[78171d2f90e618] [32mord[0m [[34minfo[0m][KV GET] Status: 400 for key: player:testuser
[2m2025-12-05T03:08:15Z[0m app[78171d2f90e618] [32mord[0m [[34minfo[0m][KV GET] Error: 400 {"success":false,"errors":[{"code":10001,"message":"Unable to authenticate request"}]}
[2m2025-12-05T03:08:15Z[0m app[78171d2f90e618] [32mord[0m [[34minfo[0m]Login error: Error: KV GET failed: 400
[2m2025-12-05T03:08:15Z[0m app[78171d2f90e618] [32mord[0m [[34minfo[0m]    at IncomingMessage.<anonymous> (/usr/src/app/src/fly-data-client.js:122:32)
[2m2025-12-05T03:08:15Z[0m app[78171d2f90e618] [32mord[0m [[34minfo[0m]    at IncomingMessage.emit (node:events:529:35)
[2m2025-12-05T03:08:15Z[0m app[78171d2f90e618] [32mord[0m [[34minfo[0m]    at endReadableNT (node:internal/streams/readable:1400:12)
[2m2025-12-05T03:08:15Z[0m app[78171d2f90e618] [32mord[0m [[34minfo[0m]    at process.processTicksAndRejections (node:internal/process/task_queues:82:21)
[2m2025-12-05T03:08:33Z[0m app[78171d2f90e618] [32mord[0m [[34minfo[0m][LOGIN DEBUG] Attempting login for user: 'pick_of_gods' (len=12) with password: 'Harvestmoon' (len=11)
[2m2025-12-05T03:08:33Z[0m app[78171d2f90e618] [32mord[0m [[34minfo[0m][LOGIN DEBUG] Version: 204, Config Version: 204
[2m2025-12-05T03:08:33Z[0m app[78171d2f90e618] [32mord[0m [[34minfo[0m][KV GET] Fetching key: player:pick_of_gods
[2m2025-12-05T03:08:33Z[0m app[78171d2f90e618] [32mord[0m [[34minfo[0m][KV GET] Status: 400 for key: player:pick_of_gods
[2m2025-12-05T03:08:33Z[0m app[78171d2f90e618] [32mord[0m [[34minfo[0m][KV GET] Error: 400 {"success":false,"errors":[{"code":10001,"message":"Unable to authenticate request"}]}
[2m2025-12-05T03:08:33Z[0m app[78171d2f90e618] [32mord[0m [[34minfo[0m]Login error: Error: KV GET failed: 400
[2m2025-12-05T03:08:33Z[0m app[78171d2f90e618] [32mord[0m [[34minfo[0m]    at IncomingMessage.<anonymous> (/usr/src/app/src/fly-data-client.js:122:32)
[2m2025-12-05T03:08:33Z[0m app[78171d2f90e618] [32mord[0m [[34minfo[0m]    at IncomingMessage.emit (node:events:529:35)
[2m2025-12-05T03:08:33Z[0m app[78171d2f90e618] [32mord[0m [[34minfo[0m]    at endReadableNT (node:internal/streams/readable:1400:12)
[2m2025-12-05T03:08:33Z[0m app[78171d2f90e618] [32mord[0m [[34minfo[0m]    at process.processTicksAndRejections (node:internal/process/task_queues:82:21)
[2m2025-12-05T03:08:42Z[0m app[78171d2f90e618] [32mord[0m [[34minfo[0m][KV GET] Fetching key: player:pick_of_gods
[2m2025-12-05T03:08:42Z[0m app[78171d2f90e618] [32mord[0m [[34minfo[0m][LOGIN DEBUG] Attempting login for user: 'pick_of_gods' (len=12) with password: 'Harvestmoon' (len=11)
[2m2025-12-05T03:08:42Z[0m app[78171d2f90e618] [32mord[0m [[34minfo[0m][LOGIN DEBUG] Version: 204, Config Version: 204
[2m2025-12-05T03:08:43Z[0m app[78171d2f90e618] [32mord[0m [[34minfo[0m][KV GET] Status: 400 for key: player:pick_of_gods
[2m2025-12-05T03:08:43Z[0m app[78171d2f90e618] [32mord[0m [[34minfo[0m][KV GET] Error: 400 {"success":false,"errors":[{"code":10001,"message":"Unable to authenticate request"}]}
[2m2025-12-05T03:08:43Z[0m app[78171d2f90e618] [32mord[0m [[34minfo[0m]Login error: Error: KV GET failed: 400
[2m2025-12-05T03:08:43Z[0m app[78171d2f90e618] [32mord[0m [[34minfo[0m]    at IncomingMessage.<anonymous> (/usr/src/app/src/fly-data-client.js:122:32)
[2m2025-12-05T03:08:43Z[0m app[78171d2f90e618] [32mord[0m [[34minfo[0m]    at IncomingMessage.emit (node:events:529:35)
[2m2025-12-05T03:08:43Z[0m app[78171d2f90e618] [32mord[0m [[34minfo[0m]    at endReadableNT (node:internal/streams/readable:1400:12)
[2m2025-12-05T03:08:43Z[0m app[78171d2f90e618] [32mord[0m [[34minfo[0m]    at process.processTicksAndRejections (node:internal/process/task_queues:82:21)
